2026-05-22 10:11:25 +00:00: ◇ injected env (23) from .env // tip: ◈ secrets for agents [www.dotenvx.com]
2026-05-22 10:11:26 +00:00: ◇ injected env (0) from .env // tip: ⌘ override existing { override: true }
2026-05-22 10:11:26 +00:00: ◇ injected env (0) from .env // tip: ⌘ enable debugging { debug: true }
2026-05-22 10:11:26 +00:00: Route: /api/health
2026-05-22 10:11:27 +00:00: SQL Connected: PostgreSQL via Prisma 7+
2026-05-22 10:11:27 +00:00: 🚀 Aegis ID Backend running on port 5000
2026-05-22 10:11:27 +00:00: 🗄️ Database mode: sql
2026-05-22 10:11:27 +00:00: 📊 Health check: https://api.aegisid.app/api/health
2026-05-22 10:11:54 +00:00: SIGINT received. Shutting down server...
2026-05-22 10:11:54 +00:00: ◇ injected env (23) from .env // tip: ⌘ custom filepath { path: '/custom/path/.env' }
2026-05-22 10:11:55 +00:00: ◇ injected env (0) from .env // tip: ⌘ override existing { override: true }
2026-05-22 10:11:55 +00:00: ◇ injected env (0) from .env // tip: ⌘ enable debugging { debug: true }
2026-05-22 10:11:55 +00:00: Route: /api/health
2026-05-22 10:11:56 +00:00: SQL Connected: PostgreSQL via Prisma 7+
2026-05-22 10:11:56 +00:00: 🚀 Aegis ID Backend running on port 5000
2026-05-22 10:11:56 +00:00: 🗄️ Database mode: sql
2026-05-22 10:11:56 +00:00: 📊 Health check: https://api.aegisid.app/api/health
2026-05-22 10:12:03 +00:00: ValidationError: The 'X-Forwarded-For' header is set but the Express 'trust proxy' setting is false (default). This could indicate a misconfiguration which would prevent express-rate-limit from accurately identifying users. See https://express-rate-limit.github.io/ERR_ERL_UNEXPECTED_X_FORWARDED_FOR/ for more information.
2026-05-22 10:12:03 +00:00:     at Object.xForwardedForHeader (file:///home/ubuntu/Aegis/backend/node_modules/express-rate-limit/dist/index.mjs:352:13)
2026-05-22 10:12:03 +00:00:     at wrappedValidations.<computed> [as xForwardedForHeader] (file:///home/ubuntu/Aegis/backend/node_modules/express-rate-limit/dist/index.mjs:675:22)
2026-05-22 10:12:03 +00:00:     at Object.keyGenerator (file:///home/ubuntu/Aegis/backend/node_modules/express-rate-limit/dist/index.mjs:782:20)
2026-05-22 10:12:03 +00:00:     at file:///home/ubuntu/Aegis/backend/node_modules/express-rate-limit/dist/index.mjs:864:32
2026-05-22 10:12:03 +00:00:     at process.processTicksAndRejections (node:internal/process/task_queues:95:5)
2026-05-22 10:12:03 +00:00:     at async file:///home/ubuntu/Aegis/backend/node_modules/express-rate-limit/dist/index.mjs:825:5 {
2026-05-22 10:12:03 +00:00:   code: 'ERR_ERL_UNEXPECTED_X_FORWARDED_FOR',
2026-05-22 10:12:03 +00:00:   help: 'https://express-rate-limit.github.io/ERR_ERL_UNEXPECTED_X_FORWARDED_FOR/'
2026-05-22 10:12:03 +00:00: }
2026-05-22 10:12:48 +00:00: SIGINT received. Shutting down server...
2026-05-22 10:12:49 +00:00: ◇ injected env (23) from .env // tip: ⌘ suppress logs { quiet: true }
2026-05-22 10:12:53 +00:00: ◇ injected env (0) from .env // tip: ⌁ auth for agents [www.vestauth.com]
2026-05-22 10:12:53 +00:00: ◇ injected env (0) from .env // tip: ⌘ multiple files { path: ['.env.local', '.env'] }
2026-05-22 10:12:53 +00:00: Route: /api/health
2026-05-22 10:12:54 +00:00: SQL Connected: PostgreSQL via Prisma 7+
2026-05-22 10:12:54 +00:00: 🚀 Aegis ID Backend running on port 5000
2026-05-22 10:12:54 +00:00: 🗄️ Database mode: sql
2026-05-22 10:12:54 +00:00: 📊 Health check: https://api.aegisid.app/api/health
2026-05-22 10:13:21 +00:00: ValidationError: The 'X-Forwarded-For' header is set but the Express 'trust proxy' setting is false (default). This could indicate a misconfiguration which would prevent express-rate-limit from accurately identifying users. See https://express-rate-limit.github.io/ERR_ERL_UNEXPECTED_X_FORWARDED_FOR/ for more information.
2026-05-22 10:13:21 +00:00:     at Object.xForwardedForHeader (file:///home/ubuntu/Aegis/backend/node_modules/express-rate-limit/dist/index.mjs:352:13)
2026-05-22 10:13:21 +00:00:     at wrappedValidations.<computed> [as xForwardedForHeader] (file:///home/ubuntu/Aegis/backend/node_modules/express-rate-limit/dist/index.mjs:675:22)
2026-05-22 10:13:21 +00:00:     at Object.keyGenerator (file:///home/ubuntu/Aegis/backend/node_modules/express-rate-limit/dist/index.mjs:782:20)
2026-05-22 10:13:21 +00:00:     at file:///home/ubuntu/Aegis/backend/node_modules/express-rate-limit/dist/index.mjs:864:32
2026-05-22 10:13:21 +00:00:     at async file:///home/ubuntu/Aegis/backend/node_modules/express-rate-limit/dist/index.mjs:825:5 {
2026-05-22 10:13:21 +00:00:   code: 'ERR_ERL_UNEXPECTED_X_FORWARDED_FOR',
2026-05-22 10:13:21 +00:00:   help: 'https://express-rate-limit.github.io/ERR_ERL_UNEXPECTED_X_FORWARDED_FOR/'
2026-05-22 10:13:21 +00:00: }
2026-05-22 10:13:28 +00:00: prisma:query SELECT "public"."users"."id", "public"."users"."name", "public"."users"."email", "public"."users"."role"::text, "public"."users"."gender"::text, "public"."users"."department"::text, "public"."users"."year"::text, "public"."users"."hostel", "public"."users"."room_number", "public"."users"."phone_number", "public"."users"."emergency_contact", "public"."users"."profile_photo", "public"."users"."student_id", "public"."users"."guard_id", "public"."users"."is_active", "public"."users"."created_at", "public"."users"."updated_at", "public"."users"."password_hash" FROM "public"."users" WHERE ("public"."users"."email" ILIKE $1 AND "public"."users"."role" = CAST($2::text AS "public"."UserRole")) LIMIT $3 OFFSET $4
2026-05-22 10:13:28 +00:00: prisma:query SELECT "public"."student_profiles"."user_id", "public"."student_profiles"."student_id", "public"."student_profiles"."department"::text, "public"."student_profiles"."year"::text, "public"."student_profiles"."hostel", "public"."student_profiles"."room_number" FROM "public"."student_profiles" WHERE "public"."student_profiles"."user_id" IN ($1) OFFSET $2
2026-05-22 10:13:28 +00:00: prisma:query SELECT "public"."warden_profiles"."user_id", "public"."warden_profiles"."hostel" FROM "public"."warden_profiles" WHERE "public"."warden_profiles"."user_id" IN ($1) OFFSET $2
2026-05-22 10:13:28 +00:00: prisma:query SELECT "public"."security_profiles"."user_id", "public"."security_profiles"."guard_id", "public"."security_profiles"."security_post" FROM "public"."security_profiles" WHERE "public"."security_profiles"."user_id" IN ($1) OFFSET $2
2026-05-22 10:13:30 +00:00: prisma:query DELETE FROM "public"."user_sessions" WHERE "public"."user_sessions"."user_id" = $1
2026-05-22 10:13:33 +00:00: prisma:query INSERT INTO "public"."user_sessions" ("id","user_id","refresh_token_hash","device_name","ip_address","expires_at","created_at") VALUES ($1,$2,$3,$4,$5,$6,$7) RETURNING "public"."user_sessions"."id", "public"."user_sessions"."user_id", "public"."user_sessions"."refresh_token_hash", "public"."user_sessions"."device_name", "public"."user_sessions"."ip_address", "public"."user_sessions"."expires_at", "public"."user_sessions"."created_at"
2026-05-22 10:13:36 +00:00: prisma:query UPDATE "public"."users" SET "is_active" = $1, "updated_at" = $2 WHERE ("public"."users"."id" = $3 AND 1=1) RETURNING "public"."users"."id", "public"."users"."name", "public"."users"."email", "public"."users"."role"::text, "public"."users"."gender"::text, "public"."users"."department"::text, "public"."users"."year"::text, "public"."users"."hostel", "public"."users"."room_number", "public"."users"."phone_number", "public"."users"."emergency_contact", "public"."users"."profile_photo", "public"."users"."student_id", "public"."users"."guard_id", "public"."users"."is_active", "public"."users"."created_at", "public"."users"."updated_at"
2026-05-22 10:13:36 +00:00: prisma:query SELECT "public"."users"."id", "public"."users"."name", "public"."users"."email", "public"."users"."role"::text, "public"."users"."gender"::text, "public"."users"."department"::text, "public"."users"."year"::text, "public"."users"."hostel", "public"."users"."room_number", "public"."users"."phone_number", "public"."users"."emergency_contact", "public"."users"."profile_photo", "public"."users"."student_id", "public"."users"."guard_id", "public"."users"."is_active", "public"."users"."created_at", "public"."users"."updated_at", "public"."users"."password_hash" FROM "public"."users" WHERE ("public"."users"."email" ILIKE $1 AND "public"."users"."role" = CAST($2::text AS "public"."UserRole")) LIMIT $3 OFFSET $4
2026-05-22 10:13:37 +00:00: prisma:query SELECT "public"."student_profiles"."user_id", "public"."student_profiles"."student_id", "public"."student_profiles"."department"::text, "public"."student_profiles"."year"::text, "public"."student_profiles"."hostel", "public"."student_profiles"."room_number" FROM "public"."student_profiles" WHERE "public"."student_profiles"."user_id" IN ($1) OFFSET $2
2026-05-22 10:13:37 +00:00: prisma:query SELECT "public"."users"."id", "public"."users"."name", "public"."users"."email", "public"."users"."role"::text, "public"."users"."gender"::text, "public"."users"."department"::text, "public"."users"."year"::text, "public"."users"."hostel", "public"."users"."room_number", "public"."users"."phone_number", "public"."users"."emergency_contact", "public"."users"."profile_photo", "public"."users"."student_id", "public"."users"."guard_id", "public"."users"."is_active", "public"."users"."created_at", "public"."users"."updated_at" FROM "public"."users" WHERE "public"."users"."id" = $1 LIMIT $2 OFFSET $3
2026-05-22 10:13:37 +00:00: (node:293292) DeprecationWarning: Calling client.query() when the client is already executing a query is deprecated and will be removed in pg@9.0. Use async/await or an external async flow control mechanism instead.
2026-05-22 10:13:37 +00:00: (Use `node --trace-deprecation ...` to show where the warning was created)
2026-05-22 10:13:37 +00:00: prisma:query SELECT "public"."warden_profiles"."user_id", "public"."warden_profiles"."hostel" FROM "public"."warden_profiles" WHERE "public"."warden_profiles"."user_id" IN ($1) OFFSET $2
2026-05-22 10:13:37 +00:00: prisma:query SELECT "public"."student_profiles"."user_id", "public"."student_profiles"."student_id", "public"."student_profiles"."department"::text, "public"."student_profiles"."year"::text, "public"."student_profiles"."hostel", "public"."student_profiles"."room_number" FROM "public"."student_profiles" WHERE "public"."student_profiles"."user_id" = $1 OFFSET $2
2026-05-22 10:13:37 +00:00: prisma:query SELECT "public"."warden_profiles"."user_id", "public"."warden_profiles"."hostel" FROM "public"."warden_profiles" WHERE "public"."warden_profiles"."user_id" = $1 OFFSET $2
2026-05-22 10:13:37 +00:00: prisma:query SELECT "public"."security_profiles"."user_id", "public"."security_profiles"."guard_id", "public"."security_profiles"."security_post" FROM "public"."security_profiles" WHERE "public"."security_profiles"."user_id" = $1 OFFSET $2
2026-05-22 10:13:37 +00:00: prisma:query COMMIT
2026-05-22 10:13:38 +00:00: prisma:query SELECT "public"."security_profiles"."user_id", "public"."security_profiles"."guard_id", "public"."security_profiles"."security_post" FROM "public"."security_profiles" WHERE "public"."security_profiles"."user_id" IN ($1) OFFSET $2
2026-05-22 10:13:38 +00:00: prisma:query DELETE FROM "public"."user_sessions" WHERE "public"."user_sessions"."user_id" = $1
2026-05-22 10:13:38 +00:00: prisma:query INSERT INTO "public"."user_sessions" ("id","user_id","refresh_token_hash","device_name","ip_address","expires_at","created_at") VALUES ($1,$2,$3,$4,$5,$6,$7) RETURNING "public"."user_sessions"."id", "public"."user_sessions"."user_id", "public"."user_sessions"."refresh_token_hash", "public"."user_sessions"."device_name", "public"."user_sessions"."ip_address", "public"."user_sessions"."expires_at", "public"."user_sessions"."created_at"
2026-05-22 10:13:38 +00:00: prisma:query UPDATE "public"."users" SET "is_active" = $1, "updated_at" = $2 WHERE ("public"."users"."id" = $3 AND 1=1) RETURNING "public"."users"."id", "public"."users"."name", "public"."users"."email", "public"."users"."role"::text, "public"."users"."gender"::text, "public"."users"."department"::text, "public"."users"."year"::text, "public"."users"."hostel", "public"."users"."room_number", "public"."users"."phone_number", "public"."users"."emergency_contact", "public"."users"."profile_photo", "public"."users"."student_id", "public"."users"."guard_id", "public"."users"."is_active", "public"."users"."created_at", "public"."users"."updated_at"
2026-05-22 10:13:38 +00:00: prisma:query SELECT "public"."users"."id", "public"."users"."name", "public"."users"."email", "public"."users"."role"::text, "public"."users"."gender"::text, "public"."users"."department"::text, "public"."users"."year"::text, "public"."users"."hostel", "public"."users"."room_number", "public"."users"."phone_number", "public"."users"."emergency_contact", "public"."users"."profile_photo", "public"."users"."student_id", "public"."users"."guard_id", "public"."users"."is_active", "public"."users"."created_at", "public"."users"."updated_at" FROM "public"."users" WHERE "public"."users"."id" = $1 LIMIT $2 OFFSET $3
2026-05-22 10:13:38 +00:00: prisma:query SELECT "public"."student_profiles"."user_id", "public"."student_profiles"."student_id", "public"."student_profiles"."department"::text, "public"."student_profiles"."year"::text, "public"."student_profiles"."hostel", "public"."student_profiles"."room_number" FROM "public"."student_profiles" WHERE "public"."student_profiles"."user_id" = $1 OFFSET $2
2026-05-22 10:13:38 +00:00: prisma:query SELECT "public"."warden_profiles"."user_id", "public"."warden_profiles"."hostel" FROM "public"."warden_profiles" WHERE "public"."warden_profiles"."user_id" = $1 OFFSET $2
2026-05-22 10:13:38 +00:00: prisma:query SELECT "public"."security_profiles"."user_id", "public"."security_profiles"."guard_id", "public"."security_profiles"."security_post" FROM "public"."security_profiles" WHERE "public"."security_profiles"."user_id" = $1 OFFSET $2
2026-05-22 10:13:38 +00:00: prisma:query COMMIT
2026-05-22 10:13:39 +00:00: prisma:query SELECT "public"."user_sessions"."id", "public"."user_sessions"."user_id", "public"."user_sessions"."refresh_token_hash", "public"."user_sessions"."device_name", "public"."user_sessions"."ip_address", "public"."user_sessions"."expires_at", "public"."user_sessions"."created_at" FROM "public"."user_sessions" WHERE ("public"."user_sessions"."id" = $1 AND 1=1) LIMIT $2 OFFSET $3
2026-05-22 10:13:39 +00:00: prisma:query SELECT "public"."user_sessions"."id", "public"."user_sessions"."user_id", "public"."user_sessions"."refresh_token_hash", "public"."user_sessions"."device_name", "public"."user_sessions"."ip_address", "public"."user_sessions"."expires_at", "public"."user_sessions"."created_at" FROM "public"."user_sessions" WHERE ("public"."user_sessions"."id" = $1 AND 1=1) LIMIT $2 OFFSET $3
2026-05-22 10:13:39 +00:00: prisma:query SELECT "public"."users"."id", "public"."users"."name", "public"."users"."email", "public"."users"."role"::text, "public"."users"."gender"::text, "public"."users"."department"::text, "public"."users"."year"::text, "public"."users"."hostel", "public"."users"."room_number", "public"."users"."phone_number", "public"."users"."emergency_contact", "public"."users"."profile_photo", "public"."users"."student_id", "public"."users"."guard_id", "public"."users"."is_active", "public"."users"."created_at", "public"."users"."updated_at" FROM "public"."users" WHERE ("public"."users"."id" = $1 AND 1=1) LIMIT $2 OFFSET $3
2026-05-22 10:13:39 +00:00: prisma:query SELECT "public"."users"."id", "public"."users"."name", "public"."users"."email", "public"."users"."role"::text, "public"."users"."gender"::text, "public"."users"."department"::text, "public"."users"."year"::text, "public"."users"."hostel", "public"."users"."room_number", "public"."users"."phone_number", "public"."users"."emergency_contact", "public"."users"."profile_photo", "public"."users"."student_id", "public"."users"."guard_id", "public"."users"."is_active", "public"."users"."created_at", "public"."users"."updated_at" FROM "public"."users" WHERE ("public"."users"."id" = $1 AND 1=1) LIMIT $2 OFFSET $3
2026-05-22 10:13:39 +00:00: prisma:query SELECT "public"."student_profiles"."user_id", "public"."student_profiles"."student_id", "public"."student_profiles"."department"::text, "public"."student_profiles"."year"::text, "public"."student_profiles"."hostel", "public"."student_profiles"."room_number" FROM "public"."student_profiles" WHERE "public"."student_profiles"."user_id" = $1 OFFSET $2
2026-05-22 10:13:39 +00:00: prisma:query SELECT "public"."warden_profiles"."user_id", "public"."warden_profiles"."hostel" FROM "public"."warden_profiles" WHERE "public"."warden_profiles"."user_id" = $1 OFFSET $2
2026-05-22 10:13:39 +00:00: prisma:query SELECT "public"."security_profiles"."user_id", "public"."security_profiles"."guard_id", "public"."security_profiles"."security_post" FROM "public"."security_profiles" WHERE "public"."security_profiles"."user_id" = $1 OFFSET $2
2026-05-22 10:13:40 +00:00: prisma:query SELECT "public"."student_profiles"."user_id", "public"."student_profiles"."student_id", "public"."student_profiles"."department"::text, "public"."student_profiles"."year"::text, "public"."student_profiles"."hostel", "public"."student_profiles"."room_number" FROM "public"."student_profiles" WHERE "public"."student_profiles"."user_id" = $1 OFFSET $2
2026-05-22 10:13:40 +00:00: prisma:query SELECT "public"."outpasses"."id", "public"."outpasses"."user_id", "public"."outpasses"."request_type"::text, "public"."outpasses"."status"::text FROM "public"."outpasses" WHERE ("public"."outpasses"."status" IN (CAST($1::text AS "public"."OutpassStatus"),CAST($2::text AS "public"."OutpassStatus")) AND "public"."outpasses"."actual_return_date" IS NULL AND "public"."outpasses"."expected_return_date" < $3) OFFSET $4
2026-05-22 10:13:40 +00:00: prisma:query SELECT "public"."outpasses"."id", "public"."outpasses"."user_id", "public"."outpasses"."reason", "public"."outpasses"."destination", "public"."outpasses"."out_date", "public"."outpasses"."expected_return_date", "public"."outpasses"."actual_return_date", "public"."outpasses"."request_type"::text, "public"."outpasses"."status"::text, "public"."outpasses"."approved_by", "public"."outpasses"."rejection_reason", "public"."outpasses"."emergency_contact_name", "public"."outpasses"."emergency_contact_phone", "public"."outpasses"."created_at", "public"."outpasses"."updated_at" FROM "public"."outpasses" WHERE ("public"."outpasses"."user_id" = $1 AND (("public"."outpasses"."out_date" >= $2 AND "public"."outpasses"."out_date" < $3) OR ("public"."outpasses"."request_type" = CAST($4::text AS "public"."OutpassRequestType") AND "public"."outpasses"."status" IN (CAST($5::text AS "public"."OutpassStatus"),CAST($6::text AS "public"."OutpassStatus"),CAST($7::text AS "public"."OutpassStatus")) AND "public"."outpasses"."actual_return_date" IS NULL AND "public"."outpasses"."expected_return_date" >= $8))) ORDER BY "public"."outpasses"."created_at" DESC LIMIT $9 OFFSET $10
2026-05-22 10:13:40 +00:00: prisma:query SELECT "public"."users"."id", "public"."users"."name", "public"."users"."email", "public"."users"."role"::text, "public"."users"."student_id", "public"."users"."hostel", "public"."users"."room_number", "public"."users"."phone_number", "public"."users"."emergency_contact", "public"."users"."department"::text, "public"."users"."year"::text FROM "public"."users" WHERE "public"."users"."id" IN (NULL) OFFSET $1
2026-05-22 10:13:40 +00:00: prisma:query SELECT "public"."users"."id", "public"."users"."name", "public"."users"."email", "public"."users"."role"::text, "public"."users"."hostel" FROM "public"."users" WHERE "public"."users"."id" IN (NULL) OFFSET $1
2026-05-22 10:13:40 +00:00: prisma:query SELECT "public"."outpass_audit_trail"."id", "public"."outpass_audit_trail"."outpass_id", "public"."outpass_audit_trail"."status", "public"."outpass_audit_trail"."changed_by", "public"."outpass_audit_trail"."changed_at", "public"."outpass_audit_trail"."remarks" FROM "public"."outpass_audit_trail" WHERE "public"."outpass_audit_trail"."outpass_id" IN (NULL) ORDER BY "public"."outpass_audit_trail"."changed_at" ASC OFFSET $1
2026-05-22 10:13:40 +00:00: prisma:query SELECT "public"."users"."id", "public"."users"."name", "public"."users"."role"::text FROM "public"."users" WHERE "public"."users"."id" IN (NULL) OFFSET $1
2026-05-22 10:13:40 +00:00: prisma:query SELECT "public"."warden_profiles"."user_id", "public"."warden_profiles"."hostel" FROM "public"."warden_profiles" WHERE "public"."warden_profiles"."user_id" = $1 OFFSET $2
2026-05-22 10:13:40 +00:00: prisma:query SELECT "public"."security_profiles"."user_id", "public"."security_profiles"."guard_id", "public"."security_profiles"."security_post" FROM "public"."security_profiles" WHERE "public"."security_profiles"."user_id" = $1 OFFSET $2
2026-05-22 10:13:40 +00:00: prisma:query SELECT "public"."locations"."id", "public"."locations"."name", "public"."locations"."type"::text, "public"."locations"."code", "public"."locations"."latitude", "public"."locations"."longitude", "public"."locations"."description" FROM "public"."locations" WHERE "public"."locations"."is_active" = $1 ORDER BY "public"."locations"."name" ASC OFFSET $2
2026-05-22 10:16:07 +00:00: prisma:query DELETE FROM "public"."password_update_otps" WHERE "public"."password_update_otps"."expires_at" <= $1
2026-05-22 10:16:08 +00:00: prisma:query SELECT "public"."user_sessions"."id", "public"."user_sessions"."user_id", "public"."user_sessions"."refresh_token_hash", "public"."user_sessions"."device_name", "public"."user_sessions"."ip_address", "public"."user_sessions"."expires_at", "public"."user_sessions"."created_at" FROM "public"."user_sessions" WHERE ("public"."user_sessions"."id" = $1 AND 1=1) LIMIT $2 OFFSET $3
2026-05-22 10:16:08 +00:00: prisma:query SELECT "public"."user_sessions"."id", "public"."user_sessions"."user_id", "public"."user_sessions"."refresh_token_hash", "public"."user_sessions"."device_name", "public"."user_sessions"."ip_address", "public"."user_sessions"."expires_at", "public"."user_sessions"."created_at" FROM "public"."user_sessions" WHERE ("public"."user_sessions"."id" = $1 AND 1=1) LIMIT $2 OFFSET $3
2026-05-22 10:16:08 +00:00: prisma:query SELECT "public"."user_sessions"."id", "public"."user_sessions"."user_id", "public"."user_sessions"."refresh_token_hash", "public"."user_sessions"."device_name", "public"."user_sessions"."ip_address", "public"."user_sessions"."expires_at", "public"."user_sessions"."created_at" FROM "public"."user_sessions" WHERE ("public"."user_sessions"."id" = $1 AND 1=1) LIMIT $2 OFFSET $3
2026-05-22 10:16:08 +00:00: prisma:query SELECT "public"."users"."id", "public"."users"."name", "public"."users"."email", "public"."users"."role"::text, "public"."users"."gender"::text, "public"."users"."department"::text, "public"."users"."year"::text, "public"."users"."hostel", "public"."users"."room_number", "public"."users"."phone_number", "public"."users"."emergency_contact", "public"."users"."profile_photo", "public"."users"."student_id", "public"."users"."guard_id", "public"."users"."is_active", "public"."users"."created_at", "public"."users"."updated_at" FROM "public"."users" WHERE ("public"."users"."id" = $1 AND 1=1) LIMIT $2 OFFSET $3
2026-05-22 10:16:08 +00:00: prisma:query SELECT "public"."users"."id", "public"."users"."name", "public"."users"."email", "public"."users"."role"::text, "public"."users"."gender"::text, "public"."users"."department"::text, "public"."users"."year"::text, "public"."users"."hostel", "public"."users"."room_number", "public"."users"."phone_number", "public"."users"."emergency_contact", "public"."users"."profile_photo", "public"."users"."student_id", "public"."users"."guard_id", "public"."users"."is_active", "public"."users"."created_at", "public"."users"."updated_at" FROM "public"."users" WHERE ("public"."users"."id" = $1 AND 1=1) LIMIT $2 OFFSET $3
2026-05-22 10:16:08 +00:00: prisma:query SELECT "public"."users"."id", "public"."users"."name", "public"."users"."email", "public"."users"."role"::text, "public"."users"."gender"::text, "public"."users"."department"::text, "public"."users"."year"::text, "public"."users"."hostel", "public"."users"."room_number", "public"."users"."phone_number", "public"."users"."emergency_contact", "public"."users"."profile_photo", "public"."users"."student_id", "public"."users"."guard_id", "public"."users"."is_active", "public"."users"."created_at", "public"."users"."updated_at" FROM "public"."users" WHERE ("public"."users"."id" = $1 AND 1=1) LIMIT $2 OFFSET $3
2026-05-22 10:16:08 +00:00: prisma:query SELECT "public"."student_profiles"."user_id", "public"."student_profiles"."student_id", "public"."student_profiles"."department"::text, "public"."student_profiles"."year"::text, "public"."student_profiles"."hostel", "public"."student_profiles"."room_number" FROM "public"."student_profiles" WHERE "public"."student_profiles"."user_id" = $1 OFFSET $2
2026-05-22 10:16:08 +00:00: prisma:query SELECT "public"."warden_profiles"."user_id", "public"."warden_profiles"."hostel" FROM "public"."warden_profiles" WHERE "public"."warden_profiles"."user_id" = $1 OFFSET $2
2026-05-22 10:16:08 +00:00: prisma:query SELECT "public"."student_profiles"."user_id", "public"."student_profiles"."student_id", "public"."student_profiles"."department"::text, "public"."student_profiles"."year"::text, "public"."student_profiles"."hostel", "public"."student_profiles"."room_number" FROM "public"."student_profiles" WHERE "public"."student_profiles"."user_id" = $1 OFFSET $2
2026-05-22 10:16:08 +00:00: prisma:query SELECT "public"."student_profiles"."user_id", "public"."student_profiles"."student_id", "public"."student_profiles"."department"::text, "public"."student_profiles"."year"::text, "public"."student_profiles"."hostel", "public"."student_profiles"."room_number" FROM "public"."student_profiles" WHERE "public"."student_profiles"."user_id" = $1 OFFSET $2
2026-05-22 10:16:08 +00:00: prisma:query SELECT "public"."warden_profiles"."user_id", "public"."warden_profiles"."hostel" FROM "public"."warden_profiles" WHERE "public"."warden_profiles"."user_id" = $1 OFFSET $2
2026-05-22 10:16:08 +00:00: prisma:query SELECT "public"."warden_profiles"."user_id", "public"."warden_profiles"."hostel" FROM "public"."warden_profiles" WHERE "public"."warden_profiles"."user_id" = $1 OFFSET $2
2026-05-22 10:16:08 +00:00: prisma:query SELECT "public"."security_profiles"."user_id", "public"."security_profiles"."guard_id", "public"."security_profiles"."security_post" FROM "public"."security_profiles" WHERE "public"."security_profiles"."user_id" = $1 OFFSET $2
2026-05-22 10:16:10 +00:00: prisma:query SELECT "public"."security_profiles"."user_id", "public"."security_profiles"."guard_id", "public"."security_profiles"."security_post" FROM "public"."security_profiles" WHERE "public"."security_profiles"."user_id" = $1 OFFSET $2
2026-05-22 10:16:10 +00:00: prisma:query SELECT "public"."security_profiles"."user_id", "public"."security_profiles"."guard_id", "public"."security_profiles"."security_post" FROM "public"."security_profiles" WHERE "public"."security_profiles"."user_id" = $1 OFFSET $2
2026-05-22 10:16:10 +00:00: prisma:query DELETE FROM "public"."user_sessions" WHERE ("public"."user_sessions"."id" = $1 AND 1=1) RETURNING "public"."user_sessions"."id", "public"."user_sessions"."user_id", "public"."user_sessions"."refresh_token_hash", "public"."user_sessions"."device_name", "public"."user_sessions"."ip_address", "public"."user_sessions"."expires_at", "public"."user_sessions"."created_at"
2026-05-22 10:16:11 +00:00: prisma:query SELECT "public"."users"."id", "public"."users"."name", "public"."users"."email", "public"."users"."role"::text, "public"."users"."gender"::text, "public"."users"."department"::text, "public"."users"."year"::text, "public"."users"."hostel", "public"."users"."room_number", "public"."users"."phone_number", "public"."users"."emergency_contact", "public"."users"."profile_photo", "public"."users"."student_id", "public"."users"."guard_id", "public"."users"."is_active", "public"."users"."created_at", "public"."users"."updated_at" FROM "public"."users" WHERE ("public"."users"."id" = $1 AND 1=1) LIMIT $2 OFFSET $3
2026-05-22 10:16:11 +00:00: prisma:query SELECT "public"."warden_profiles"."user_id", "public"."warden_profiles"."hostel" FROM "public"."warden_profiles" WHERE "public"."warden_profiles"."user_id" = $1 OFFSET $2
2026-05-22 10:16:11 +00:00: prisma:query SELECT "public"."student_profiles"."user_id", "public"."student_profiles"."student_id", "public"."student_profiles"."department"::text, "public"."student_profiles"."year"::text, "public"."student_profiles"."hostel", "public"."student_profiles"."room_number" FROM "public"."student_profiles" WHERE "public"."student_profiles"."user_id" = $1 OFFSET $2
2026-05-22 10:16:11 +00:00: prisma:query DELETE FROM "public"."user_sessions" WHERE ("public"."user_sessions"."id" = $1 AND 1=1) RETURNING "public"."user_sessions"."id", "public"."user_sessions"."user_id", "public"."user_sessions"."refresh_token_hash", "public"."user_sessions"."device_name", "public"."user_sessions"."ip_address", "public"."user_sessions"."expires_at", "public"."user_sessions"."created_at"
2026-05-22 10:16:13 +00:00: prisma:error 
2026-05-22 10:16:13 +00:00: Invalid `prisma.userSession.delete()` invocation:
2026-05-22 10:16:13 +00:00: 
2026-05-22 10:16:13 +00:00: 
2026-05-22 10:16:13 +00:00: An operation failed because it depends on one or more records that were required but not found. No record was found for a delete.
2026-05-22 10:16:13 +00:00: prisma:query SELECT "public"."security_profiles"."user_id", "public"."security_profiles"."guard_id", "public"."security_profiles"."security_post" FROM "public"."security_profiles" WHERE "public"."security_profiles"."user_id" = $1 OFFSET $2
