2026-05-22 10:12:53 +00:00: ◇ injected env (23) from .env // tip: ⌘ override existing { override: true }
2026-05-22 10:12:53 +00:00: ◇ injected env (0) from .env // tip: ◈ secrets for agents [www.dotenvx.com]
2026-05-22 10:12:53 +00:00: [Worker] 🚀 Notification worker started and listening for jobs...
2026-05-22 10:12:53 +00:00: [Worker] Queue: 'notifications' | Redis: localhost:6379
2026-05-22 10:27:16 +00:00: [Worker] Processing notification job 12...
2026-05-22 10:27:16 +00:00: [Notification] Creating notification record {
2026-05-22 10:27:16 +00:00:   userId: '746087f6789de62fc8426c31',
2026-05-22 10:27:16 +00:00:   title: '🔔 HELLO Test Notification',
2026-05-22 10:27:16 +00:00:   type: 'HELLO',
2026-05-22 10:27:16 +00:00:   priority: 'NORMAL',
2026-05-22 10:27:16 +00:00:   entityId: '746087f6789de62fc8426c31',
2026-05-22 10:27:16 +00:00:   entityType: 'TEST',
2026-05-22 10:27:16 +00:00:   routeName: 'Notifications'
2026-05-22 10:27:16 +00:00: }
2026-05-22 10:27:18 +00:00: prisma:error 
2026-05-22 10:27:18 +00:00: Invalid `prisma.notification.create()` invocation:
2026-05-22 10:27:18 +00:00: 
2026-05-22 10:27:18 +00:00: {
2026-05-22 10:27:18 +00:00:   data: {
2026-05-22 10:27:18 +00:00:     userId: "746087f6789de62fc8426c31",
2026-05-22 10:27:18 +00:00:     title: "🔔 HELLO Test Notification",
2026-05-22 10:27:18 +00:00:     message: "This is a test notification from super_admin. If you see this, push notifications are working!",
2026-05-22 10:27:18 +00:00:     type: "HELLO",
2026-05-22 10:27:18 +00:00:           ~~~~~~~
2026-05-22 10:27:18 +00:00:     priority: "NORMAL",
2026-05-22 10:27:18 +00:00:     entityId: "746087f6789de62fc8426c31",
2026-05-22 10:27:18 +00:00:     entityType: "TEST"
2026-05-22 10:27:18 +00:00:   }
2026-05-22 10:27:18 +00:00: }
2026-05-22 10:27:18 +00:00: 
2026-05-22 10:27:18 +00:00: Invalid value for argument `type`. Expected NotificationType.
2026-05-22 10:27:18 +00:00: [Notification] Error creating notification for user 746087f6789de62fc8426c31: PrismaClientValidationError: 
2026-05-22 10:27:18 +00:00: Invalid `prisma.notification.create()` invocation:
2026-05-22 10:27:18 +00:00: 
2026-05-22 10:27:18 +00:00: {
2026-05-22 10:27:18 +00:00:   data: {
2026-05-22 10:27:18 +00:00:     userId: "746087f6789de62fc8426c31",
2026-05-22 10:27:18 +00:00:     title: "🔔 HELLO Test Notification",
2026-05-22 10:27:18 +00:00:     message: "This is a test notification from super_admin. If you see this, push notifications are working!",
2026-05-22 10:27:18 +00:00:     type: "HELLO",
2026-05-22 10:27:18 +00:00:           ~~~~~~~
2026-05-22 10:27:18 +00:00:     priority: "NORMAL",
2026-05-22 10:27:18 +00:00:     entityId: "746087f6789de62fc8426c31",
2026-05-22 10:27:18 +00:00:     entityType: "TEST"
2026-05-22 10:27:18 +00:00:   }
2026-05-22 10:27:18 +00:00: }
2026-05-22 10:27:18 +00:00: 
2026-05-22 10:27:18 +00:00: Invalid value for argument `type`. Expected NotificationType.
2026-05-22 10:27:18 +00:00:     at throwValidationException (/home/ubuntu/Aegis/backend/node_modules/@prisma/client/src/runtime/core/errorRendering/throwValidationException.ts:46:9)
2026-05-22 10:27:18 +00:00:     at zr.handleRequestError (/home/ubuntu/Aegis/backend/node_modules/@prisma/client/src/runtime/RequestHandler.ts:211:7)
2026-05-22 10:27:18 +00:00:     at zr.handleAndLogRequestError (/home/ubuntu/Aegis/backend/node_modules/@prisma/client/src/runtime/RequestHandler.ts:183:12)
2026-05-22 10:27:18 +00:00:     at zr.request (/home/ubuntu/Aegis/backend/node_modules/@prisma/client/src/runtime/RequestHandler.ts:152:12)
2026-05-22 10:27:18 +00:00:     at process.processTicksAndRejections (node:internal/process/task_queues:95:5)
2026-05-22 10:27:18 +00:00:     at async a (/home/ubuntu/Aegis/backend/node_modules/@prisma/client/src/runtime/getPrismaClient.ts:963:24)
2026-05-22 10:27:18 +00:00:     at async createNotification (file:///home/ubuntu/Aegis/backend/notifications/services/notification.service.js:29:26)
2026-05-22 10:27:18 +00:00:     at async Worker.connection.host [as processFn] (file:///home/ubuntu/Aegis/backend/notifications/workers/notification.worker.js:17:22)
2026-05-22 10:27:18 +00:00:     at async <anonymous> (/home/ubuntu/Aegis/backend/node_modules/bullmq/src/classes/worker.ts:1020:26) {
2026-05-22 10:27:18 +00:00:   clientVersion: '7.8.0'
2026-05-22 10:27:18 +00:00: }
2026-05-22 10:27:18 +00:00: [Worker] Error processing job 12: 
2026-05-22 10:27:18 +00:00: Invalid `prisma.notification.create()` invocation:
2026-05-22 10:27:18 +00:00: 
2026-05-22 10:27:18 +00:00: {
2026-05-22 10:27:18 +00:00:   data: {
2026-05-22 10:27:18 +00:00:     userId: "746087f6789de62fc8426c31",
2026-05-22 10:27:18 +00:00:     title: "🔔 HELLO Test Notification",
2026-05-22 10:27:18 +00:00:     message: "This is a test notification from super_admin. If you see this, push notifications are working!",
2026-05-22 10:27:18 +00:00:     type: "HELLO",
2026-05-22 10:27:18 +00:00:           ~~~~~~~
2026-05-22 10:27:18 +00:00:     priority: "NORMAL",
2026-05-22 10:27:18 +00:00:     entityId: "746087f6789de62fc8426c31",
2026-05-22 10:27:18 +00:00:     entityType: "TEST"
2026-05-22 10:27:18 +00:00:   }
2026-05-22 10:27:18 +00:00: }
2026-05-22 10:27:18 +00:00: 
2026-05-22 10:27:18 +00:00: Invalid value for argument `type`. Expected NotificationType.
2026-05-22 10:27:18 +00:00: [Worker] Job 12 failed: 
2026-05-22 10:27:18 +00:00: Invalid `prisma.notification.create()` invocation:
2026-05-22 10:27:18 +00:00: 
2026-05-22 10:27:18 +00:00: {
2026-05-22 10:27:18 +00:00:   data: {
2026-05-22 10:27:18 +00:00:     userId: "746087f6789de62fc8426c31",
2026-05-22 10:27:18 +00:00:     title: "🔔 HELLO Test Notification",
2026-05-22 10:27:18 +00:00:     message: "This is a test notification from super_admin. If you see this, push notifications are working!",
2026-05-22 10:27:18 +00:00:     type: "HELLO",
2026-05-22 10:27:18 +00:00:           ~~~~~~~
2026-05-22 10:27:18 +00:00:     priority: "NORMAL",
2026-05-22 10:27:18 +00:00:     entityId: "746087f6789de62fc8426c31",
2026-05-22 10:27:18 +00:00:     entityType: "TEST"
2026-05-22 10:27:18 +00:00:   }
2026-05-22 10:27:18 +00:00: }
2026-05-22 10:27:18 +00:00: 
2026-05-22 10:27:18 +00:00: Invalid value for argument `type`. Expected NotificationType.
2026-05-22 10:27:21 +00:00: [Worker] Processing notification job 12...
2026-05-22 10:27:21 +00:00: [Notification] Creating notification record {
2026-05-22 10:27:21 +00:00:   userId: '746087f6789de62fc8426c31',
2026-05-22 10:27:21 +00:00:   title: '🔔 HELLO Test Notification',
2026-05-22 10:27:21 +00:00:   type: 'HELLO',
2026-05-22 10:27:21 +00:00:   priority: 'NORMAL',
2026-05-22 10:27:21 +00:00:   entityId: '746087f6789de62fc8426c31',
2026-05-22 10:27:21 +00:00:   entityType: 'TEST',
2026-05-22 10:27:21 +00:00:   routeName: 'Notifications'
2026-05-22 10:27:21 +00:00: }
2026-05-22 10:27:21 +00:00: prisma:error 
2026-05-22 10:27:21 +00:00: Invalid `prisma.notification.create()` invocation:
2026-05-22 10:27:21 +00:00: 
2026-05-22 10:27:21 +00:00: {
2026-05-22 10:27:21 +00:00:   data: {
2026-05-22 10:27:21 +00:00:     userId: "746087f6789de62fc8426c31",
2026-05-22 10:27:21 +00:00:     title: "🔔 HELLO Test Notification",
2026-05-22 10:27:21 +00:00:     message: "This is a test notification from super_admin. If you see this, push notifications are working!",
2026-05-22 10:27:21 +00:00:     type: "HELLO",
2026-05-22 10:27:21 +00:00:           ~~~~~~~
2026-05-22 10:27:21 +00:00:     priority: "NORMAL",
2026-05-22 10:27:21 +00:00:     entityId: "746087f6789de62fc8426c31",
2026-05-22 10:27:21 +00:00:     entityType: "TEST"
2026-05-22 10:27:21 +00:00:   }
2026-05-22 10:27:21 +00:00: }
2026-05-22 10:27:21 +00:00: 
2026-05-22 10:27:21 +00:00: Invalid value for argument `type`. Expected NotificationType.
2026-05-22 10:27:21 +00:00: [Notification] Error creating notification for user 746087f6789de62fc8426c31: PrismaClientValidationError: 
2026-05-22 10:27:21 +00:00: Invalid `prisma.notification.create()` invocation:
2026-05-22 10:27:21 +00:00: 
2026-05-22 10:27:21 +00:00: {
2026-05-22 10:27:21 +00:00:   data: {
2026-05-22 10:27:21 +00:00:     userId: "746087f6789de62fc8426c31",
2026-05-22 10:27:21 +00:00:     title: "🔔 HELLO Test Notification",
2026-05-22 10:27:21 +00:00:     message: "This is a test notification from super_admin. If you see this, push notifications are working!",
2026-05-22 10:27:21 +00:00:     type: "HELLO",
2026-05-22 10:27:21 +00:00:           ~~~~~~~
2026-05-22 10:27:21 +00:00:     priority: "NORMAL",
2026-05-22 10:27:21 +00:00:     entityId: "746087f6789de62fc8426c31",
2026-05-22 10:27:21 +00:00:     entityType: "TEST"
2026-05-22 10:27:21 +00:00:   }
2026-05-22 10:27:21 +00:00: }
2026-05-22 10:27:21 +00:00: 
2026-05-22 10:27:21 +00:00: Invalid value for argument `type`. Expected NotificationType.
2026-05-22 10:27:21 +00:00:     at throwValidationException (/home/ubuntu/Aegis/backend/node_modules/@prisma/client/src/runtime/core/errorRendering/throwValidationException.ts:46:9)
2026-05-22 10:27:21 +00:00:     at zr.handleRequestError (/home/ubuntu/Aegis/backend/node_modules/@prisma/client/src/runtime/RequestHandler.ts:211:7)
2026-05-22 10:27:21 +00:00:     at zr.handleAndLogRequestError (/home/ubuntu/Aegis/backend/node_modules/@prisma/client/src/runtime/RequestHandler.ts:183:12)
2026-05-22 10:27:21 +00:00:     at zr.request (/home/ubuntu/Aegis/backend/node_modules/@prisma/client/src/runtime/RequestHandler.ts:152:12)
2026-05-22 10:27:21 +00:00:     at process.processTicksAndRejections (node:internal/process/task_queues:95:5)
2026-05-22 10:27:21 +00:00:     at async a (/home/ubuntu/Aegis/backend/node_modules/@prisma/client/src/runtime/getPrismaClient.ts:963:24)
2026-05-22 10:27:21 +00:00:     at async createNotification (file:///home/ubuntu/Aegis/backend/notifications/services/notification.service.js:29:26)
2026-05-22 10:27:21 +00:00:     at async Worker.connection.host [as processFn] (file:///home/ubuntu/Aegis/backend/notifications/workers/notification.worker.js:17:22)
2026-05-22 10:27:21 +00:00:     at async <anonymous> (/home/ubuntu/Aegis/backend/node_modules/bullmq/src/classes/worker.ts:1020:26) {
2026-05-22 10:27:21 +00:00:   clientVersion: '7.8.0'
2026-05-22 10:27:21 +00:00: }
2026-05-22 10:27:21 +00:00: [Worker] Error processing job 12: 
2026-05-22 10:27:21 +00:00: Invalid `prisma.notification.create()` invocation:
2026-05-22 10:27:21 +00:00: 
2026-05-22 10:27:21 +00:00: {
2026-05-22 10:27:21 +00:00:   data: {
2026-05-22 10:27:21 +00:00:     userId: "746087f6789de62fc8426c31",
2026-05-22 10:27:21 +00:00:     title: "🔔 HELLO Test Notification",
2026-05-22 10:27:21 +00:00:     message: "This is a test notification from super_admin. If you see this, push notifications are working!",
2026-05-22 10:27:21 +00:00:     type: "HELLO",
2026-05-22 10:27:21 +00:00:           ~~~~~~~
2026-05-22 10:27:21 +00:00:     priority: "NORMAL",
2026-05-22 10:27:21 +00:00:     entityId: "746087f6789de62fc8426c31",
2026-05-22 10:27:21 +00:00:     entityType: "TEST"
2026-05-22 10:27:21 +00:00:   }
2026-05-22 10:27:21 +00:00: }
2026-05-22 10:27:21 +00:00: 
2026-05-22 10:27:21 +00:00: Invalid value for argument `type`. Expected NotificationType.
2026-05-22 10:27:21 +00:00: [Worker] Job 12 failed: 
2026-05-22 10:27:21 +00:00: Invalid `prisma.notification.create()` invocation:
2026-05-22 10:27:21 +00:00: 
2026-05-22 10:27:21 +00:00: {
2026-05-22 10:27:21 +00:00:   data: {
2026-05-22 10:27:21 +00:00:     userId: "746087f6789de62fc8426c31",
2026-05-22 10:27:21 +00:00:     title: "🔔 HELLO Test Notification",
2026-05-22 10:27:21 +00:00:     message: "This is a test notification from super_admin. If you see this, push notifications are working!",
2026-05-22 10:27:21 +00:00:     type: "HELLO",
2026-05-22 10:27:21 +00:00:           ~~~~~~~
2026-05-22 10:27:21 +00:00:     priority: "NORMAL",
2026-05-22 10:27:21 +00:00:     entityId: "746087f6789de62fc8426c31",
2026-05-22 10:27:21 +00:00:     entityType: "TEST"
2026-05-22 10:27:21 +00:00:   }
2026-05-22 10:27:21 +00:00: }
2026-05-22 10:27:21 +00:00: 
2026-05-22 10:27:21 +00:00: Invalid value for argument `type`. Expected NotificationType.
2026-05-22 10:27:27 +00:00: [Worker] Processing notification job 12...
2026-05-22 10:27:27 +00:00: [Notification] Creating notification record {
2026-05-22 10:27:27 +00:00:   userId: '746087f6789de62fc8426c31',
2026-05-22 10:27:27 +00:00:   title: '🔔 HELLO Test Notification',
2026-05-22 10:27:27 +00:00:   type: 'HELLO',
2026-05-22 10:27:27 +00:00:   priority: 'NORMAL',
2026-05-22 10:27:27 +00:00:   entityId: '746087f6789de62fc8426c31',
2026-05-22 10:27:27 +00:00:   entityType: 'TEST',
2026-05-22 10:27:27 +00:00:   routeName: 'Notifications'
2026-05-22 10:27:27 +00:00: }
2026-05-22 10:27:27 +00:00: prisma:error 
2026-05-22 10:27:27 +00:00: Invalid `prisma.notification.create()` invocation:
2026-05-22 10:27:27 +00:00: 
2026-05-22 10:27:27 +00:00: {
2026-05-22 10:27:27 +00:00:   data: {
2026-05-22 10:27:27 +00:00:     userId: "746087f6789de62fc8426c31",
2026-05-22 10:27:27 +00:00:     title: "🔔 HELLO Test Notification",
2026-05-22 10:27:27 +00:00:     message: "This is a test notification from super_admin. If you see this, push notifications are working!",
2026-05-22 10:27:27 +00:00:     type: "HELLO",
2026-05-22 10:27:27 +00:00:           ~~~~~~~
2026-05-22 10:27:27 +00:00:     priority: "NORMAL",
2026-05-22 10:27:27 +00:00:     entityId: "746087f6789de62fc8426c31",
2026-05-22 10:27:27 +00:00:     entityType: "TEST"
2026-05-22 10:27:27 +00:00:   }
2026-05-22 10:27:27 +00:00: }
2026-05-22 10:27:27 +00:00: 
2026-05-22 10:27:27 +00:00: Invalid value for argument `type`. Expected NotificationType.
2026-05-22 10:27:27 +00:00: [Notification] Error creating notification for user 746087f6789de62fc8426c31: PrismaClientValidationError: 
2026-05-22 10:27:27 +00:00: Invalid `prisma.notification.create()` invocation:
2026-05-22 10:27:27 +00:00: 
2026-05-22 10:27:27 +00:00: {
2026-05-22 10:27:27 +00:00:   data: {
2026-05-22 10:27:27 +00:00:     userId: "746087f6789de62fc8426c31",
2026-05-22 10:27:27 +00:00:     title: "🔔 HELLO Test Notification",
2026-05-22 10:27:27 +00:00:     message: "This is a test notification from super_admin. If you see this, push notifications are working!",
2026-05-22 10:27:27 +00:00:     type: "HELLO",
2026-05-22 10:27:27 +00:00:           ~~~~~~~
2026-05-22 10:27:27 +00:00:     priority: "NORMAL",
2026-05-22 10:27:27 +00:00:     entityId: "746087f6789de62fc8426c31",
2026-05-22 10:27:27 +00:00:     entityType: "TEST"
2026-05-22 10:27:27 +00:00:   }
2026-05-22 10:27:27 +00:00: }
2026-05-22 10:27:27 +00:00: 
2026-05-22 10:27:27 +00:00: Invalid value for argument `type`. Expected NotificationType.
2026-05-22 10:27:27 +00:00:     at throwValidationException (/home/ubuntu/Aegis/backend/node_modules/@prisma/client/src/runtime/core/errorRendering/throwValidationException.ts:46:9)
2026-05-22 10:27:27 +00:00:     at zr.handleRequestError (/home/ubuntu/Aegis/backend/node_modules/@prisma/client/src/runtime/RequestHandler.ts:211:7)
2026-05-22 10:27:27 +00:00:     at zr.handleAndLogRequestError (/home/ubuntu/Aegis/backend/node_modules/@prisma/client/src/runtime/RequestHandler.ts:183:12)
2026-05-22 10:27:27 +00:00:     at zr.request (/home/ubuntu/Aegis/backend/node_modules/@prisma/client/src/runtime/RequestHandler.ts:152:12)
2026-05-22 10:27:27 +00:00:     at process.processTicksAndRejections (node:internal/process/task_queues:95:5)
2026-05-22 10:27:27 +00:00:     at async a (/home/ubuntu/Aegis/backend/node_modules/@prisma/client/src/runtime/getPrismaClient.ts:963:24)
2026-05-22 10:27:27 +00:00:     at async createNotification (file:///home/ubuntu/Aegis/backend/notifications/services/notification.service.js:29:26)
2026-05-22 10:27:27 +00:00:     at async Worker.connection.host [as processFn] (file:///home/ubuntu/Aegis/backend/notifications/workers/notification.worker.js:17:22)
2026-05-22 10:27:27 +00:00:     at async <anonymous> (/home/ubuntu/Aegis/backend/node_modules/bullmq/src/classes/worker.ts:1020:26) {
2026-05-22 10:27:27 +00:00:   clientVersion: '7.8.0'
2026-05-22 10:27:27 +00:00: }
2026-05-22 10:27:27 +00:00: [Worker] Error processing job 12: 
2026-05-22 10:27:27 +00:00: Invalid `prisma.notification.create()` invocation:
2026-05-22 10:27:27 +00:00: 
2026-05-22 10:27:27 +00:00: {
2026-05-22 10:27:27 +00:00:   data: {
2026-05-22 10:27:27 +00:00:     userId: "746087f6789de62fc8426c31",
2026-05-22 10:27:27 +00:00:     title: "🔔 HELLO Test Notification",
2026-05-22 10:27:27 +00:00:     message: "This is a test notification from super_admin. If you see this, push notifications are working!",
2026-05-22 10:27:27 +00:00:     type: "HELLO",
2026-05-22 10:27:27 +00:00:           ~~~~~~~
2026-05-22 10:27:27 +00:00:     priority: "NORMAL",
2026-05-22 10:27:27 +00:00:     entityId: "746087f6789de62fc8426c31",
2026-05-22 10:27:27 +00:00:     entityType: "TEST"
2026-05-22 10:27:27 +00:00:   }
2026-05-22 10:27:27 +00:00: }
2026-05-22 10:27:27 +00:00: 
2026-05-22 10:27:27 +00:00: Invalid value for argument `type`. Expected NotificationType.
2026-05-22 10:27:27 +00:00: [Worker] Job 12 failed: 
2026-05-22 10:27:27 +00:00: Invalid `prisma.notification.create()` invocation:
2026-05-22 10:27:27 +00:00: 
2026-05-22 10:27:27 +00:00: {
2026-05-22 10:27:27 +00:00:   data: {
2026-05-22 10:27:27 +00:00:     userId: "746087f6789de62fc8426c31",
2026-05-22 10:27:27 +00:00:     title: "🔔 HELLO Test Notification",
2026-05-22 10:27:27 +00:00:     message: "This is a test notification from super_admin. If you see this, push notifications are working!",
2026-05-22 10:27:27 +00:00:     type: "HELLO",
2026-05-22 10:27:27 +00:00:           ~~~~~~~
2026-05-22 10:27:27 +00:00:     priority: "NORMAL",
2026-05-22 10:27:27 +00:00:     entityId: "746087f6789de62fc8426c31",
2026-05-22 10:27:27 +00:00:     entityType: "TEST"
2026-05-22 10:27:27 +00:00:   }
2026-05-22 10:27:27 +00:00: }
2026-05-22 10:27:27 +00:00: 
2026-05-22 10:27:27 +00:00: Invalid value for argument `type`. Expected NotificationType.
2026-05-22 10:36:06 +00:00: [Worker] SIGINT received. Shutting down worker...
2026-05-22 10:36:06 +00:00: [Worker] Worker closed gracefully
2026-05-22 10:36:07 +00:00: ◇ injected env (23) from .env // tip: ⌘ multiple files { path: ['.env.local', '.env'] }
2026-05-22 10:36:08 +00:00: ◇ injected env (0) from .env // tip: ⌘ enable debugging { debug: true }
2026-05-22 10:36:08 +00:00: [Worker] 🚀 Notification worker started and listening for jobs...
2026-05-22 10:36:08 +00:00: [Worker] Queue: 'notifications' | Redis: localhost:6379
2026-05-22 10:36:24 +00:00: [Worker] Processing notification job 13...
2026-05-22 10:36:24 +00:00: [Notification] Creating notification record {
2026-05-22 10:36:24 +00:00:   userId: '746087f6789de62fc8426c31',
2026-05-22 10:36:24 +00:00:   title: '🔔 HELLO Test Notification',
2026-05-22 10:36:24 +00:00:   type: 'HELLO',
2026-05-22 10:36:24 +00:00:   priority: 'NORMAL',
2026-05-22 10:36:24 +00:00:   entityId: '746087f6789de62fc8426c31',
2026-05-22 10:36:24 +00:00:   entityType: 'TEST',
2026-05-22 10:36:24 +00:00:   routeName: 'Notifications'
2026-05-22 10:36:24 +00:00: }
2026-05-22 10:36:25 +00:00: prisma:query INSERT INTO "public"."notifications" ("id","user_id","title","message","type","priority","entity_id","entity_type","isRead","created_at") VALUES ($1,$2,$3,$4,CAST($5::text AS "public"."NotificationType"),CAST($6::text AS "public"."NotificationPriority"),$7,$8,$9,$10) RETURNING "public"."notifications"."id", "public"."notifications"."user_id", "public"."notifications"."title", "public"."notifications"."message", "public"."notifications"."type"::text, "public"."notifications"."priority"::text, "public"."notifications"."entity_id", "public"."notifications"."entity_type", "public"."notifications"."isRead", "public"."notifications"."created_at"
2026-05-22 10:36:25 +00:00: [Notification] Created notification cmpgsbbp80000rjnvt4abq8j4 for user 746087f6789de62fc8426c31
2026-05-22 10:36:25 +00:00: prisma:query SELECT "public"."push_tokens"."id", "public"."push_tokens"."user_id", "public"."push_tokens"."token", "public"."push_tokens"."platform", "public"."push_tokens"."device_name", "public"."push_tokens"."isActive", "public"."push_tokens"."created_at" FROM "public"."push_tokens" WHERE ("public"."push_tokens"."user_id" = $1 AND "public"."push_tokens"."isActive" = $2) OFFSET $3
2026-05-22 10:36:25 +00:00: [Notification] Token lookup complete {
2026-05-22 10:36:25 +00:00:   userId: '746087f6789de62fc8426c31',
2026-05-22 10:36:25 +00:00:   tokenCount: 1,
2026-05-22 10:36:25 +00:00:   tokenPreviews: [ 'ExponentPushToken[thglLz...' ]
2026-05-22 10:36:25 +00:00: }
2026-05-22 10:36:25 +00:00: [Notification] Sending push to 1 device(s) for user 746087f6789de62fc8426c31
2026-05-22 10:36:26 +00:00: [Push] Notification sent successfully to ExponentPushToken[thglLzFM7KuUCqoEm0-aWe]
2026-05-22 10:36:26 +00:00: [Notification] Push dispatch complete for token ExponentPushToken[thglLzFM7KuUCqoEm0-aWe]. Tickets=1 Receipts=1
2026-05-22 10:36:26 +00:00: [Worker] Notification job 13 completed successfully
2026-05-22 10:36:26 +00:00: [Worker] Job 13 completed
2026-05-22 10:37:35 +00:00: [Worker] Processing notification job 14...
2026-05-22 10:37:35 +00:00: [Notification] Creating notification record {
2026-05-22 10:37:35 +00:00:   userId: '746087f6789de62fc8426c31',
2026-05-22 10:37:35 +00:00:   title: '🔔 HELLO Test Notification',
2026-05-22 10:37:35 +00:00:   type: 'HELLO',
2026-05-22 10:37:35 +00:00:   priority: 'NORMAL',
2026-05-22 10:37:35 +00:00:   entityId: '746087f6789de62fc8426c31',
2026-05-22 10:37:35 +00:00:   entityType: 'TEST',
2026-05-22 10:37:35 +00:00:   routeName: 'Notifications'
2026-05-22 10:37:35 +00:00: }
2026-05-22 10:37:35 +00:00: prisma:query INSERT INTO "public"."notifications" ("id","user_id","title","message","type","priority","entity_id","entity_type","isRead","created_at") VALUES ($1,$2,$3,$4,CAST($5::text AS "public"."NotificationType"),CAST($6::text AS "public"."NotificationPriority"),$7,$8,$9,$10) RETURNING "public"."notifications"."id", "public"."notifications"."user_id", "public"."notifications"."title", "public"."notifications"."message", "public"."notifications"."type"::text, "public"."notifications"."priority"::text, "public"."notifications"."entity_id", "public"."notifications"."entity_type", "public"."notifications"."isRead", "public"."notifications"."created_at"
2026-05-22 10:37:35 +00:00: [Notification] Created notification cmpgscu830001rjnv0j4rhyar for user 746087f6789de62fc8426c31
2026-05-22 10:37:35 +00:00: prisma:query SELECT "public"."push_tokens"."id", "public"."push_tokens"."user_id", "public"."push_tokens"."token", "public"."push_tokens"."platform", "public"."push_tokens"."device_name", "public"."push_tokens"."isActive", "public"."push_tokens"."created_at" FROM "public"."push_tokens" WHERE ("public"."push_tokens"."user_id" = $1 AND "public"."push_tokens"."isActive" = $2) OFFSET $3
2026-05-22 10:37:35 +00:00: [Notification] Token lookup complete {
2026-05-22 10:37:35 +00:00:   userId: '746087f6789de62fc8426c31',
2026-05-22 10:37:35 +00:00:   tokenCount: 1,
2026-05-22 10:37:35 +00:00:   tokenPreviews: [ 'ExponentPushToken[thglLz...' ]
2026-05-22 10:37:35 +00:00: }
2026-05-22 10:37:35 +00:00: [Notification] Sending push to 1 device(s) for user 746087f6789de62fc8426c31
2026-05-22 10:37:36 +00:00: [Push] Notification sent successfully to ExponentPushToken[thglLzFM7KuUCqoEm0-aWe]
2026-05-22 10:37:36 +00:00: [Notification] Push dispatch complete for token ExponentPushToken[thglLzFM7KuUCqoEm0-aWe]. Tickets=1 Receipts=1
2026-05-22 10:37:36 +00:00: [Worker] Notification job 14 completed successfully
2026-05-22 10:37:36 +00:00: [Worker] Job 14 completed
2026-05-22 10:40:32 +00:00: [Worker] Processing notification job 15...
2026-05-22 10:40:32 +00:00: [Notification] Creating notification record {
2026-05-22 10:40:32 +00:00:   userId: '746087f6789de62fc8426c31',
2026-05-22 10:40:32 +00:00:   title: '🔔 HELLO Test Notification',
2026-05-22 10:40:32 +00:00:   type: 'HELLO',
2026-05-22 10:40:32 +00:00:   priority: 'NORMAL',
2026-05-22 10:40:32 +00:00:   entityId: '746087f6789de62fc8426c31',
2026-05-22 10:40:32 +00:00:   entityType: 'TEST',
2026-05-22 10:40:32 +00:00:   routeName: 'Notifications'
2026-05-22 10:40:32 +00:00: }
2026-05-22 10:40:33 +00:00: prisma:query INSERT INTO "public"."notifications" ("id","user_id","title","message","type","priority","entity_id","entity_type","isRead","created_at") VALUES ($1,$2,$3,$4,CAST($5::text AS "public"."NotificationType"),CAST($6::text AS "public"."NotificationPriority"),$7,$8,$9,$10) RETURNING "public"."notifications"."id", "public"."notifications"."user_id", "public"."notifications"."title", "public"."notifications"."message", "public"."notifications"."type"::text, "public"."notifications"."priority"::text, "public"."notifications"."entity_id", "public"."notifications"."entity_type", "public"."notifications"."isRead", "public"."notifications"."created_at"
2026-05-22 10:40:33 +00:00: [Notification] Created notification cmpgsgn3t0002rjnvuyth6whq for user 746087f6789de62fc8426c31
2026-05-22 10:40:33 +00:00: prisma:query SELECT "public"."push_tokens"."id", "public"."push_tokens"."user_id", "public"."push_tokens"."token", "public"."push_tokens"."platform", "public"."push_tokens"."device_name", "public"."push_tokens"."isActive", "public"."push_tokens"."created_at" FROM "public"."push_tokens" WHERE ("public"."push_tokens"."user_id" = $1 AND "public"."push_tokens"."isActive" = $2) OFFSET $3
2026-05-22 10:40:33 +00:00: [Notification] Token lookup complete {
2026-05-22 10:40:33 +00:00:   userId: '746087f6789de62fc8426c31',
2026-05-22 10:40:33 +00:00:   tokenCount: 1,
2026-05-22 10:40:33 +00:00:   tokenPreviews: [ 'ExponentPushToken[thglLz...' ]
2026-05-22 10:40:33 +00:00: }
2026-05-22 10:40:33 +00:00: [Notification] Sending push to 1 device(s) for user 746087f6789de62fc8426c31
2026-05-22 10:40:34 +00:00: [Push] Notification sent successfully to ExponentPushToken[thglLzFM7KuUCqoEm0-aWe]
2026-05-22 10:40:34 +00:00: [Notification] Push dispatch complete for token ExponentPushToken[thglLzFM7KuUCqoEm0-aWe]. Tickets=1 Receipts=1
2026-05-22 10:40:34 +00:00: [Worker] Notification job 15 completed successfully
2026-05-22 10:40:34 +00:00: [Worker] Job 15 completed
2026-05-22 10:41:00 +00:00: [Worker] Processing notification job 16...
2026-05-22 10:41:00 +00:00: [Notification] Creating notification record {
2026-05-22 10:41:00 +00:00:   userId: '746087f6789de62fc8426c31',
2026-05-22 10:41:00 +00:00:   title: '🔔 HELLO Test Notification',
2026-05-22 10:41:00 +00:00:   type: 'HELLO',
2026-05-22 10:41:00 +00:00:   priority: 'NORMAL',
2026-05-22 10:41:00 +00:00:   entityId: '746087f6789de62fc8426c31',
2026-05-22 10:41:00 +00:00:   entityType: 'TEST',
2026-05-22 10:41:00 +00:00:   routeName: 'Notifications'
2026-05-22 10:41:00 +00:00: }
2026-05-22 10:41:01 +00:00: prisma:query INSERT INTO "public"."notifications" ("id","user_id","title","message","type","priority","entity_id","entity_type","isRead","created_at") VALUES ($1,$2,$3,$4,CAST($5::text AS "public"."NotificationType"),CAST($6::text AS "public"."NotificationPriority"),$7,$8,$9,$10) RETURNING "public"."notifications"."id", "public"."notifications"."user_id", "public"."notifications"."title", "public"."notifications"."message", "public"."notifications"."type"::text, "public"."notifications"."priority"::text, "public"."notifications"."entity_id", "public"."notifications"."entity_type", "public"."notifications"."isRead", "public"."notifications"."created_at"
2026-05-22 10:41:01 +00:00: [Notification] Created notification cmpgsh8m70003rjnvx23fma9g for user 746087f6789de62fc8426c31
2026-05-22 10:41:01 +00:00: prisma:query SELECT "public"."push_tokens"."id", "public"."push_tokens"."user_id", "public"."push_tokens"."token", "public"."push_tokens"."platform", "public"."push_tokens"."device_name", "public"."push_tokens"."isActive", "public"."push_tokens"."created_at" FROM "public"."push_tokens" WHERE ("public"."push_tokens"."user_id" = $1 AND "public"."push_tokens"."isActive" = $2) OFFSET $3
2026-05-22 10:41:01 +00:00: [Notification] Token lookup complete {
2026-05-22 10:41:01 +00:00:   userId: '746087f6789de62fc8426c31',
2026-05-22 10:41:01 +00:00:   tokenCount: 1,
2026-05-22 10:41:01 +00:00:   tokenPreviews: [ 'ExponentPushToken[thglLz...' ]
2026-05-22 10:41:01 +00:00: }
2026-05-22 10:41:01 +00:00: [Notification] Sending push to 1 device(s) for user 746087f6789de62fc8426c31
2026-05-22 10:41:01 +00:00: [PushToken] Deactivating token { tokenPreview: 'ExponentPushToken[thglLz...' }
2026-05-22 10:41:02 +00:00: prisma:query UPDATE "public"."push_tokens" SET "isActive" = $1 WHERE ("public"."push_tokens"."token" = $2 AND "public"."push_tokens"."isActive" = $3)
2026-05-22 10:41:02 +00:00: prisma:query COMMIT
2026-05-22 10:41:02 +00:00: [Push] Deactivated token due to DeviceNotRegistered: ExponentPushToken[thglLzFM7KuUCqoEm0-aWe]
2026-05-22 10:41:02 +00:00: [Push] Notification sent successfully to ExponentPushToken[thglLzFM7KuUCqoEm0-aWe]
2026-05-22 10:41:02 +00:00: [Notification] Push dispatch complete for token ExponentPushToken[thglLzFM7KuUCqoEm0-aWe]. Tickets=1 Receipts=1
2026-05-22 10:41:02 +00:00: [Worker] Notification job 16 completed successfully
2026-05-22 10:41:02 +00:00: [Worker] Job 16 completed
2026-05-22 17:40:14 +00:00: [Worker] SIGINT received. Shutting down worker...
2026-05-22 17:40:14 +00:00: [Worker] Worker closed gracefully
2026-05-22 17:40:16 +00:00: ◇ injected env (23) from .env // tip: ⌘ custom filepath { path: '/custom/path/.env' }
2026-05-22 17:40:16 +00:00: ◇ injected env (0) from .env // tip: ⌁ auth for agents [www.vestauth.com]
2026-05-22 17:40:16 +00:00: [Worker] 🚀 Notification worker started and listening for jobs...
2026-05-22 17:40:16 +00:00: [Worker] Queue: 'notifications' | Redis: localhost:6379
2026-05-22 18:41:02 +00:00: [Worker] Processing notification job 17...
2026-05-22 18:41:02 +00:00: [Notification] Creating notification record {
2026-05-22 18:41:02 +00:00:   userId: 'aa123e522a4948c0a9109ab7',
2026-05-22 18:41:02 +00:00:   title: '🔔 HELLO Test Notification',
2026-05-22 18:41:02 +00:00:   type: 'HELLO',
2026-05-22 18:41:02 +00:00:   priority: 'NORMAL',
2026-05-22 18:41:02 +00:00:   entityId: 'aa123e522a4948c0a9109ab7',
2026-05-22 18:41:02 +00:00:   entityType: 'TEST',
2026-05-22 18:41:02 +00:00:   routeName: 'Notifications'
2026-05-22 18:41:02 +00:00: }
2026-05-22 18:41:04 +00:00: prisma:query INSERT INTO "public"."notifications" ("id","user_id","title","message","type","priority","entity_id","entity_type","isRead","created_at") VALUES ($1,$2,$3,$4,CAST($5::text AS "public"."NotificationType"),CAST($6::text AS "public"."NotificationPriority"),$7,$8,$9,$10) RETURNING "public"."notifications"."id", "public"."notifications"."user_id", "public"."notifications"."title", "public"."notifications"."message", "public"."notifications"."type"::text, "public"."notifications"."priority"::text, "public"."notifications"."entity_id", "public"."notifications"."entity_type", "public"."notifications"."isRead", "public"."notifications"."created_at"
2026-05-22 18:41:04 +00:00: [Notification] Created notification cmph9mkn000001ynv31qmnggd for user aa123e522a4948c0a9109ab7
2026-05-22 18:41:04 +00:00: prisma:query SELECT "public"."push_tokens"."id", "public"."push_tokens"."user_id", "public"."push_tokens"."token", "public"."push_tokens"."platform", "public"."push_tokens"."device_name", "public"."push_tokens"."isActive", "public"."push_tokens"."created_at" FROM "public"."push_tokens" WHERE ("public"."push_tokens"."user_id" = $1 AND "public"."push_tokens"."isActive" = $2) OFFSET $3
2026-05-22 18:41:04 +00:00: [Notification] Token lookup complete {
2026-05-22 18:41:04 +00:00:   userId: 'aa123e522a4948c0a9109ab7',
2026-05-22 18:41:04 +00:00:   tokenCount: 1,
2026-05-22 18:41:04 +00:00:   tokenPreviews: [ 'ExponentPushToken[poxpG6...' ]
2026-05-22 18:41:04 +00:00: }
2026-05-22 18:41:04 +00:00: [Notification] Sending push to 1 device(s) for user aa123e522a4948c0a9109ab7
2026-05-22 18:41:05 +00:00: [Push] Notification sent successfully to ExponentPushToken[poxpG6CZv924ho4-_jdrH2]
2026-05-22 18:41:05 +00:00: [Notification] Push dispatch complete for token ExponentPushToken[poxpG6CZv924ho4-_jdrH2]. Tickets=1 Receipts=1
2026-05-22 18:41:05 +00:00: [Worker] Notification job 17 completed successfully
2026-05-22 18:41:05 +00:00: [Worker] Job 17 completed
2026-05-22 18:51:47 +00:00: [Worker] Processing notification job 18...
2026-05-22 18:51:47 +00:00: [Notification] Creating notification record {
2026-05-22 18:51:47 +00:00:   userId: '32f79f59b44bbff31ac3a442',
2026-05-22 18:51:47 +00:00:   title: '🔔 HELLO Test Notification',
2026-05-22 18:51:47 +00:00:   type: 'HELLO',
2026-05-22 18:51:47 +00:00:   priority: 'NORMAL',
2026-05-22 18:51:47 +00:00:   entityId: '32f79f59b44bbff31ac3a442',
2026-05-22 18:51:47 +00:00:   entityType: 'TEST',
2026-05-22 18:51:47 +00:00:   routeName: 'Notifications'
2026-05-22 18:51:47 +00:00: }
2026-05-22 18:51:48 +00:00: prisma:query INSERT INTO "public"."notifications" ("id","user_id","title","message","type","priority","entity_id","entity_type","isRead","created_at") VALUES ($1,$2,$3,$4,CAST($5::text AS "public"."NotificationType"),CAST($6::text AS "public"."NotificationPriority"),$7,$8,$9,$10) RETURNING "public"."notifications"."id", "public"."notifications"."user_id", "public"."notifications"."title", "public"."notifications"."message", "public"."notifications"."type"::text, "public"."notifications"."priority"::text, "public"."notifications"."entity_id", "public"."notifications"."entity_type", "public"."notifications"."isRead", "public"."notifications"."created_at"
2026-05-22 18:51:48 +00:00: [Notification] Created notification cmpha0e8s00011ynvwpzthvcv for user 32f79f59b44bbff31ac3a442
2026-05-22 18:51:48 +00:00: prisma:query SELECT "public"."push_tokens"."id", "public"."push_tokens"."user_id", "public"."push_tokens"."token", "public"."push_tokens"."platform", "public"."push_tokens"."device_name", "public"."push_tokens"."isActive", "public"."push_tokens"."created_at" FROM "public"."push_tokens" WHERE ("public"."push_tokens"."user_id" = $1 AND "public"."push_tokens"."isActive" = $2) OFFSET $3
2026-05-22 18:51:48 +00:00: [Notification] Token lookup complete {
2026-05-22 18:51:48 +00:00:   userId: '32f79f59b44bbff31ac3a442',
2026-05-22 18:51:48 +00:00:   tokenCount: 1,
2026-05-22 18:51:48 +00:00:   tokenPreviews: [ 'ExponentPushToken[VtwZPS...' ]
2026-05-22 18:51:48 +00:00: }
2026-05-22 18:51:48 +00:00: [Notification] Sending push to 1 device(s) for user 32f79f59b44bbff31ac3a442
2026-05-22 18:51:49 +00:00: [Push] Notification sent successfully to ExponentPushToken[VtwZPSPwlARrjV0nk09hQn]
2026-05-22 18:51:49 +00:00: [Notification] Push dispatch complete for token ExponentPushToken[VtwZPSPwlARrjV0nk09hQn]. Tickets=1 Receipts=1
2026-05-22 18:51:49 +00:00: [Worker] Notification job 18 completed successfully
2026-05-22 18:51:49 +00:00: [Worker] Job 18 completed
2026-05-22 20:20:58 +00:00: Error [ERR_MODULE_NOT_FOUND]: Cannot find package 'firebase-admin' imported from /home/ubuntu/Aegis/backend/notifications/services/push.service.js
2026-05-22 20:20:58 +00:00:     at packageResolve (node:internal/modules/esm/resolve:873:9)
2026-05-22 20:20:58 +00:00:     at moduleResolve (node:internal/modules/esm/resolve:946:18)
2026-05-22 20:20:58 +00:00:     at defaultResolve (node:internal/modules/esm/resolve:1188:11)
2026-05-22 20:20:58 +00:00:     at ModuleLoader.defaultResolve (node:internal/modules/esm/loader:708:12)
2026-05-22 20:20:58 +00:00:     at #cachedDefaultResolve (node:internal/modules/esm/loader:657:25)
2026-05-22 20:20:58 +00:00:     at ModuleLoader.resolve (node:internal/modules/esm/loader:640:38)
2026-05-22 20:20:58 +00:00:     at ModuleLoader.getModuleJobForImport (node:internal/modules/esm/loader:264:38)
2026-05-22 20:20:58 +00:00:     at ModuleJob._link (node:internal/modules/esm/module_job:168:49) {
2026-05-22 20:20:58 +00:00:   code: 'ERR_MODULE_NOT_FOUND'
2026-05-22 20:20:58 +00:00: }
2026-05-22 20:22:02 +00:00: ◇ injected env (23) from .env // tip: ◈ secrets for agents [www.dotenvx.com]
2026-05-22 20:22:03 +00:00: ◇ injected env (0) from .env // tip: ⌘ custom filepath { path: '/custom/path/.env' }
2026-05-22 20:22:03 +00:00: [Worker] Notification worker started and listening for jobs...
2026-05-22 20:22:03 +00:00: [Worker] Queue: 'notifications' | Redis: localhost:6379
2026-05-22 20:26:13 +00:00: [Worker] SIGINT received. Shutting down worker...
2026-05-22 20:26:14 +00:00: [Worker] Worker closed gracefully
2026-05-22 20:26:18 +00:00: ◇ injected env (23) from .env // tip: ⌘ suppress logs { quiet: true }
2026-05-22 20:26:20 +00:00: ◇ injected env (0) from .env // tip: ⌘ suppress logs { quiet: true }
2026-05-22 20:26:20 +00:00: [Worker] Notification worker started and listening for jobs...
2026-05-22 20:26:20 +00:00: [Worker] Queue: 'notifications' | Redis: localhost:6379
2026-05-22 20:29:10 +00:00: [Worker] SIGINT received. Shutting down worker...
2026-05-22 20:29:10 +00:00: [Worker] Worker closed gracefully
2026-05-22 20:29:15 +00:00: ◇ injected env (23) from .env // tip: ⌘ enable debugging { debug: true }
2026-05-22 20:29:16 +00:00: ◇ injected env (0) from .env // tip: ⌁ auth for agents [www.vestauth.com]
2026-05-22 20:29:16 +00:00: [Worker] Notification worker started and listening for jobs...
2026-05-22 20:29:16 +00:00: [Worker] Queue: 'notifications' | Redis: localhost:6379
